Microchip MPLAB XC8 Compiler V2.10 ()

Linker command line:

-W-3 --edf=D:\Programs\MPLABX\pic\dat\en_msgs.txt -cs \
  -h+dist/default/production\LTD_Driver.X.production.sym \
  --cmf=dist/default/production\LTD_Driver.X.production.cmf -z -Q18F8722 \
  -oC:\Users\USER\AppData\Local\Temp\sh24.2 --defsym=__MPLAB_BUILD=1 \
  -Mdist/default/production/LTD_Driver.X.production.map -E1 -ver=XC8 \
  --acfsm=1493 -ASTACK=020Ah-0F5Fh -pstack=STACK -ACODE=00h-01FFFFh \
  -ACONST=00h-01FFFFh -ASMALLCONST=01000h-010FFhx496 \
  -AMEDIUMCONST=01000h-0FFFFh,011000h-01FFFFh -ACOMRAM=01h-05Fh \
  -AABS1=00h-0F5Fh -ABIGRAM=01h-0F5Fh \
  -ARAM=060h-0FFh,0100h-01FFhx14,0F00h-0F5Fh -ABANK0=060h-0FFh \
  -ABANK1=0100h-01FFh -ABANK2=0200h-02FFh -ABANK3=0300h-03FFh \
  -ABANK4=0400h-04FFh -ABANK5=0500h-05FFh -ABANK6=0600h-06FFh \
  -ABANK7=0700h-07FFh -ABANK8=0800h-08FFh -ABANK9=0900h-09FFh \
  -ABANK10=0A00h-0AFFh -ABANK11=0B00h-0BFFh -ABANK12=0C00h-0CFFh \
  -ABANK13=0D00h-0DFFh -ABANK14=0E00h-0EFFh -ABANK15=0F00h-0F5Fh \
  -ASFR=0F60h-0FFFh -preset_vec=00h,intcode=08h,intcodelo,powerup,init \
  -pramtop=01000h -psmallconst=SMALLCONST -pmediumconst=MEDIUMCONST \
  -pconst=CONST -AFARRAM=00h-00h -ACONFIG=0300000h-030000Dh -pconfig=CONFIG \
  -AIDLOC=0200000h-0200007h -pidloc=IDLOC -AEEDATA=0F00000h-0F003FFh \
  -peeprom_data=EEDATA \
  -prdata=COMRAM,nvrram=COMRAM,nvbit=COMRAM,rbss=COMRAM,rbit=COMRAM \
  -pfarbss=FARRAM,fardata=FARRAM,nvFARRAM=FARRAM \
  -pintsave_regs=BIGRAM,bigbss=BIGRAM,bigdata=BIGRAM -pbss=RAM \
  -pidata=CODE,irdata=CODE,ibigdata=CODE,ifardata=CODE -prparam=COMRAM \
  C:\Users\USER\AppData\Local\Temp\sh24.o \
  dist/default/production\LTD_Driver.X.production.o 

Object code version is 3.11

Machine type is 18F8722

Call graph: (short form)




                Name                               Link     Load   Length Selector   Space Scale
C:\Users\USER\AppData\Local\Temp\sh24.o
                init                                  E        E        4        4       0
                reset_vec                             0        0        4        0       0
                idloc                            200000   200000        8   200000       0
                config                           300000   300000        E   300000       0
dist/default/production\LTD_Driver.X.production.o
                intcode                               8        8        6        4       0
                temp                                 5F       5F        1        1       1
                smallconst                         1000     1000       76      800       0
                text68                             3722     3722       26      83B       0
                text67                             2CE0     2CE0       8E      83B       0
                text66                             1076     1076      5CE      83B       0
                text65                             1644     1644      248      83B       0
                text64                             2280     2280      138      83B       0
                text63                             3454     3454       40      83B       0
                text62                             2FEE     2FEE       70      83B       0
                text61                             37A8     37A8       1A      83B       0
                text60                             3196     3196       66      83B       0
                text59                             35C8     35C8       3A      83B       0
                text58                             3130     3130       66      83B       0
                text57                             295E     295E       C4      83B       0
                text56                             2B96     2B96       B0      83B       0
                text55                             3310     3310       44      83B       0
                text54                             354E     354E       3E      83B       0
                text53                             2D6E     2D6E       8A      83B       0
                text52                             3510     3510       3E      83B       0
                text51                             188C     188C      22E      83B       0
                text50                             34D2     34D2       3E      83B       0
                text49                             36FC     36FC       26      83B       0
                text48                             1FF0     1FF0      154      83B       0
                text47                             37D8     37D8       14      83B       0
                text46                             3414     3414       40      83B       0
                text45                             33D4     33D4       40      83B       0
                text44                             305E     305E       6C      83B       0
                text43                             3844     3844        A      83B       0
                text42                             3856     3856        8      83B       0
                text41                             2A22     2A22       C2      83B       0
                text40                             1ABA     1ABA      1DE      83B       0
                intcode_body                       23B8     23B8      11A      83B       0
                text38                             383A     383A        A      83B       0
                text37                             3862     3862        4      83B       0
                text36                             2F78     2F78       76      83B       0
                text35                             376A     376A       20      83B       0
                text34                             2EFC     2EFC       7C      83B       0
                text33                             3494     3494       3E      83B       0
                text32                             2E80     2E80       7C      83B       0
                text31                             26BE     26BE       E4      83B       0
                text30                             2AE4     2AE4       B2      83B       0
                text29                             2C46     2C46       9A      83B       0
                text28                             3394     3394       40      83B       0
                text27                             365E     365E       2A      83B       0
                text26                             3634     3634       2A      83B       0
                text25                             37C2     37C2       16      83B       0
                text24                             3830     3830        A      83B       0
                text23                             385E     385E        4      83B       0
                text22                             27A2     27A2       E2      83B       0
                text21                             3602     3602       32      83B       0
                text20                             24D2     24D2      100      83B       0
                text19                             2144     2144      13C      83B       0
                text18                             1E54     1E54      19C      83B       0
                text17                             3822     3822        E      83B       0
                text16                             3688     3688       28      83B       0
                text15                             1C98     1C98      1BC      83B       0
                text14                             3810     3810       12      83B       0
                text13                             378A     378A       1E      83B       0
                text12                             30CA     30CA       66      83B       0
                text11                             3748     3748       22      83B       0
                text10                             36D6     36D6       26      83B       0
                text9                              3260     3260       5C      83B       0
                text8                              3354     3354       40      83B       0
                text7                              358C     358C       3C      83B       0
                text6                              36B0     36B0       26      83B       0
                text5                              25D2     25D2       EC      83B       0
                text4                              2DF8     2DF8       88      83B       0
                text3                              384E     384E        8      83B       0
                text2                              37FE     37FE       12      83B       0
                text1                              2884     2884       DA      83B       0
                text0                              31FC     31FC       64      83B       0
                cstackCOMRAM                          1        1       5D        1       1
                cstackBANK0                          B2       B2       24       60       1
                cstackBANK1                         1FA      1FA        6      100       1
                cstackBANK2                         200      200        A      200       1
                bssBANK1                            100      100       FA      100       1
                dataBANK0                            D6       D6       12       60       1
                bssBANK0                             60       60       52       60       1
                dataCOMRAM                           5E       5E        1        1       1
                cinit                              32BC     32BC       54      83B       0
                idataBANK0                         37EC     37EC       12      83B       0
                idataCOMRAM                        3866     3866        1      83B       0

TOTAL           Name                               Link     Load   Length     Space
        CLASS   STACK          

        CLASS   CODE           
                intcode                               8        8        6         0
                init                                  E        E        4         0
                reset_vec                             0        0        4         0
                text68                             3722     3722       26         0
                text67                             2CE0     2CE0       8E         0
                text66                             1076     1076      5CE         0
                text65                             1644     1644      248         0
                text64                             2280     2280      138         0
                text63                             3454     3454       40         0
                text62                             2FEE     2FEE       70         0
                text61                             37A8     37A8       1A         0
                text60                             3196     3196       66         0
                text59                             35C8     35C8       3A         0
                text58                             3130     3130       66         0
                text57                             295E     295E       C4         0
                text56                             2B96     2B96       B0         0
                text55                             3310     3310       44         0
                text54                             354E     354E       3E         0
                text53                             2D6E     2D6E       8A         0
                text52                             3510     3510       3E         0
                text51                             188C     188C      22E         0
                text50                             34D2     34D2       3E         0
                text49                             36FC     36FC       26         0
                text48                             1FF0     1FF0      154         0
                text47                             37D8     37D8       14         0
                text46                             3414     3414       40         0
                text45                             33D4     33D4       40         0
                text44                             305E     305E       6C         0
                text43                             3844     3844        A         0
                text42                             3856     3856        8         0
                text41                             2A22     2A22       C2         0
                text40                             1ABA     1ABA      1DE         0
                intcode_body                       23B8     23B8      11A         0
                text38                             383A     383A        A         0
                text37                             3862     3862        4         0
                text36                             2F78     2F78       76         0
                text35                             376A     376A       20         0
                text34                             2EFC     2EFC       7C         0
                text33                             3494     3494       3E         0
                text32                             2E80     2E80       7C         0
                text31                             26BE     26BE       E4         0
                text30                             2AE4     2AE4       B2         0
                text29                             2C46     2C46       9A         0
                text28                             3394     3394       40         0
                text27                             365E     365E       2A         0
                text26                             3634     3634       2A         0
                text25                             37C2     37C2       16         0
                text24                             3830     3830        A         0
                text23                             385E     385E        4         0
                text22                             27A2     27A2       E2         0
                text21                             3602     3602       32         0
                text20                             24D2     24D2      100         0
                text19                             2144     2144      13C         0
                text18                             1E54     1E54      19C         0
                text17                             3822     3822        E         0
                text16                             3688     3688       28         0
                text15                             1C98     1C98      1BC         0
                text14                             3810     3810       12         0
                text13                             378A     378A       1E         0
                text12                             30CA     30CA       66         0
                text11                             3748     3748       22         0
                text10                             36D6     36D6       26         0
                text9                              3260     3260       5C         0
                text8                              3354     3354       40         0
                text7                              358C     358C       3C         0
                text6                              36B0     36B0       26         0
                text5                              25D2     25D2       EC         0
                text4                              2DF8     2DF8       88         0
                text3                              384E     384E        8         0
                text2                              37FE     37FE       12         0
                text1                              2884     2884       DA         0
                text0                              31FC     31FC       64         0
                cinit                              32BC     32BC       54         0
                idataBANK0                         37EC     37EC       12         0
                idataCOMRAM                        3866     3866        1         0

        CLASS   CONST          

        CLASS   SMALLCONST     
                smallconst                         1000     1000       76         0

        CLASS   MEDIUMCONST    

        CLASS   COMRAM         
                temp                                 5F       5F        1         1
                cstackCOMRAM                          1        1       5D         1
                dataCOMRAM                           5E       5E        1         1

        CLASS   ABS1           

        CLASS   BIGRAM         

        CLASS   RAM            

        CLASS   BANK0          
                cstackBANK0                          B2       B2       24         1
                dataBANK0                            D6       D6       12         1
                bssBANK0                             60       60       52         1

        CLASS   BANK1          
                cstackBANK1                         1FA      1FA        6         1
                bssBANK1                            100      100       FA         1

        CLASS   BANK2          
                cstackBANK2                         200      200        A         1

        CLASS   BANK3          

        CLASS   BANK4          

        CLASS   BANK5          

        CLASS   BANK6          

        CLASS   BANK7          

        CLASS   BANK8          

        CLASS   BANK9          

        CLASS   BANK10         

        CLASS   BANK11         

        CLASS   BANK12         

        CLASS   BANK13         

        CLASS   BANK14         

        CLASS   BANK15         

        CLASS   SFR            

        CLASS   FARRAM         

        CLASS   CONFIG         
                config                           300000   300000        E         0

        CLASS   IDLOC          
                idloc                            200000   200000        8         0

        CLASS   EEDATA         



SEGMENTS        Name                           Load    Length   Top    Selector   Space  Class

                reset_vec                      000000  000004  000004         0       0  CODE    
                cstackCOMRAM                   000001  00005F  000060         1       1  COMRAM  
                intcode                        000008  00000A  000012         4       0  CODE    
                bssBANK0                       000060  000088  0000E8        60       1  BANK0   
                bssBANK1                       000100  000100  000200       100       1  BANK1   
                cstackBANK2                    000200  00000A  00020A       200       1  BANK2   
                smallconst                     001000  000076  001076       800       0  SMALLCON
                text66                         001076  0027F1  003867       83B       0  CODE    
                idloc                          200000  000008  200008    200000       0  IDLOC   
                config                         300000  00000E  30000E    300000       0  CONFIG  


UNUSED ADDRESS RANGES

        Name                Unused          Largest block    Delta
        BANK0            0000E8-0000FF               18
        BANK10           000A00-000AFF              100
        BANK11           000B00-000BFF              100
        BANK12           000C00-000CFF              100
        BANK13           000D00-000DFF              100
        BANK14           000E00-000EFF              100
        BANK15           000F00-000F5F               60
        BANK2            00020A-0002FF               F6
        BANK3            000300-0003FF              100
        BANK4            000400-0004FF              100
        BANK5            000500-0005FF              100
        BANK6            000600-0006FF              100
        BANK7            000700-0007FF              100
        BANK8            000800-0008FF              100
        BANK9            000900-0009FF              100
        BIGRAM           0000E8-0000FF               18
                         00020A-000F5F              D56
        CODE             000004-000007                4
                         000012-000FFF              FEE
                         003867-01FFFF            1C799
        CONST            000004-000007                4
                         000012-000FFF              FEE
                         003867-01FFFF            1C799
        EEDATA           F00000-F003FF              400
        MEDIUMCONST      003867-00FFFF             C799
                         011000-01FFFF             F000
        RAM              0000E8-0000FF               18
                         00020A-000F5F              100
        SFR              000F60-000FFF               A0
        SMALLCONST       003867-01FFFF              100
        STACK            00020A-000F5F              D56

                                  Symbol Table

?___awdiv                    cstackBANK1  0001FA
?___awmod                    cstackBANK1  0001FA
?___wmul                     cstackBANK1  0001FA
?_register_timer             cstackCOMRAM 000032
?i2___awdiv                  cstackCOMRAM 000001
?i2___awmod                  cstackCOMRAM 000001
?i2___wmul                   cstackCOMRAM 000001
AddElement@data              cstackCOMRAM 000017
AddElement@delay             cstackCOMRAM 000007
AddElement@index             cstackCOMRAM 000030
AddElement@next_index        cstackCOMRAM 00002C
AddElement@period            cstackCOMRAM 00000F
AddElement@pos               cstackCOMRAM 00002E
AddElement@task_id           cstackCOMRAM 00001A
AddExecutedTask@data         cstackCOMRAM 000007
AddExecutedTask@pos          cstackCOMRAM 00000D
InitializeElements@i         cstackBANK2  000208
LCDMoveCursor@line           cstackBANK2  000202
LCDMoveCursor@pos            cstackBANK2  000201
LCDMoveCursor@position       cstackBANK2  000203
LCDPutChar@ch                cstackBANK2  000200
LCDPutInst@ch                cstackBANK2  000200
LCDPutStr@ptr                cstackBANK2  000201
Port_BBSPIInit@port_dir      cstackBANK1  0001FD
PrintTempHumid@val           cstackBANK2  000206
SendByteBBSPI@bitcount       cstackBANK1  0001FB
SendByteBBSPI@input          cstackBANK1  0001FC
SendByteBBSPI@output         cstackBANK1  0001FA
TMR_Initialize@timer_name    cstackBANK1  0001FA
TMR_StartTimer@timer_name    cstackBANK1  0001FA
TMR_StopTimer@timer_name     cstackCOMRAM 000001
UpdateElements@pos           cstackCOMRAM 00005C
WritePort_BBSPI@a            cstackBANK1  0001FD
WritePort_BBSPI@port_add     cstackBANK1  0001FE
_ADCON1                      (abs)        000FC1
_AddElement                  text66       001076
_AddExecutedTask             text67       002CE0
_CheckHumid                  text4        002DF8
_CheckHumid$intlevel0        text4        002E02
_CheckTemp                   text5        0025D2
_CheckTemp$intlevel0         text5        0025DC
_FSM                         text18       001E54
_Heater_Off                  text38       00383A
_Heater_On                   text3        00384E
_Heater_Operation            text37       003862
_Humid                       bssBANK0     000096
_IFreq_Initialize            text17       003822
_INTCONbits                  (abs)        000FF2
_InitBBSPI                   text14       003810
_InitializeElements          text15       001C98
_LATA                        (abs)        000F89
_LATAbits                    (abs)        000F89
_LATB                        (abs)        000F8A
_LATC                        (abs)        000F8B
_LATCbits                    (abs)        000F8B
_LATDbits                    (abs)        000F8C
_LATFbits                    (abs)        000F8E
_LCDInit                     text12       0030CA
_LCDMoveCursor               text33       003494
_LCDMoveCursor$413           cstackBANK2  000204
_LCDPutChar                  text32       002E80
_LCDPutInst                  text34       002EFC
_LCDPutStr                   text28       003394
_LCD_SetUp                   text11       003748
_MAX_HEAT                    dataBANK0    0000E7
_MAX_HUMID                   dataBANK0    0000E6
_OSCCON                      (abs)        000FD3
_OSCTUNE                     (abs)        000F9B
_PIE1bits                    (abs)        000F9D
_PIN_SetUp                   text10       0036D6
_PIR1bits                    (abs)        000F9E
_PORTAbits                   (abs)        000F80
_PORTBbits                   (abs)        000F81
_PORTDbits                   (abs)        000F83
_Port_BBSPIInit              text13       00378A
_PrintDemo                   text29       002C46
_PrintHeater                 text27       00365E
_PrintIdle                   text26       003634
_PrintPump                   text25       0037C2
_PrintSetTime                text55       003310
_PrintSetUp                  text47       0037D8
_PrintTempHumid              text22       0027A2
_Pump_Off                    text24       003830
_Pump_On                     text2        0037FE
_Pump_On$intlevel0           text2        003808
_Pump_Operation              text23       00385E
_SendByteBBSPI               text36       002F78
_SetUp_Humid                 text46       003414
_SetUp_Temp                  text45       0033D4
_Sum                         bssBANK0     0000A1
_System_Initialize           text7        00358C
_T0CON                       (abs)        000FD5
_T0CONbits                   (abs)        000FD5
_T1CON                       (abs)        000FCD
_T1CONbits                   (abs)        000FCD
_TMR0                        (abs)        000FD6
_TMR1H                       (abs)        000FCF
_TMR1L                       (abs)        000FCE
_TMR_Initialize              text9        003260
_TMR_StartTimer              text8        003354
_TMR_StopTimer               text54       00354E
_TRISA                       (abs)        000F92
_TRISAbits                   (abs)        000F92
_TRISB                       (abs)        000F93
_TRISBbits                   (abs)        000F93
_TRISC                       (abs)        000F94
_TRISCbits                   (abs)        000F94
_TRISDbits                   (abs)        000F95
_TRISFbits                   (abs)        000F97
_Task_Init                   text51       00188C
_Task_Init$2650              cstackBANK0  0000C4
_Task_Init$2651              cstackBANK0  0000BC
_Temp                        bssBANK0     000098
_Time                        dataBANK0    0000DF
_TimeOut                     dataBANK0    0000DD
_UpdateElements              text64       002280
_UpdateElements$2645         cstackCOMRAM 000059
_UpdateTimeOut               text63       003454
_WritePort_BBSPI             text35       00376A
__CFG_BOREN$OFF              (abs)        000000
__CFG_FCMEN$OFF              (abs)        000000
__CFG_IESO$OFF               (abs)        000000
__CFG_LVP$OFF                (abs)        000000
__CFG_MCLRE$ON               (abs)        000000
__CFG_OSC$INTIO7             (abs)        000000
__CFG_PWRT$OFF               (abs)        000000
__CFG_WDT$OFF                (abs)        000000
__CFG_XINST$OFF              (abs)        000000
__HRAM                       (abs)        000000
__Habs1                      abs1         000000
__Hbank0                     bank0        000000
__Hbank1                     bank1        000000
__Hbank10                    bank10       000000
__Hbank11                    bank11       000000
__Hbank12                    bank12       000000
__Hbank13                    bank13       000000
__Hbank14                    bank14       000000
__Hbank15                    bank15       000000
__Hbank2                     bank2        000000
__Hbank3                     bank3        000000
__Hbank4                     bank4        000000
__Hbank5                     bank5        000000
__Hbank6                     bank6        000000
__Hbank7                     bank7        000000
__Hbank8                     bank8        000000
__Hbank9                     bank9        000000
__Hbigbss                    bigbss       000000
__Hbigdata                   bigdata      000000
__Hbigram                    bigram       000000
__Hbss                       bss          000000
__HbssBANK0                  bssBANK0     000000
__HbssBANK1                  bssBANK1     000000
__Hcinit                     cinit        000000
__Hclrtext                   clrtext      000000
__Hcomram                    comram       000000
__Hconfig                    config       30000E
__Hconst                     const        000000
__HcstackBANK0               cstackBANK0  000000
__HcstackBANK1               cstackBANK1  000000
__HcstackBANK2               cstackBANK2  000000
__HcstackCOMRAM              cstackCOMRAM 000000
__Hdata                      data         000000
__HdataBANK0                 dataBANK0    000000
__HdataCOMRAM                dataCOMRAM   000000
__Heeprom_data               eeprom_data  000000
__Hfarbss                    farbss       000000
__Hfardata                   fardata      000000
__Hibigdata                  ibigdata     000000
__Hidata                     idata        000000
__HidataBANK0                idataBANK0   000000
__HidataCOMRAM               idataCOMRAM  000000
__Hidloc                     idloc        200008
__Hifardata                  ifardata     000000
__Hinit                      init         000012
__Hintcode                   intcode      00000E
__Hintcode_body              intcode_body 000000
__Hintcodelo                 intcodelo    00000E
__Hintentry                  intentry     000000
__Hintret                    intret       000000
__Hintsave_regs              intsave_regs 000000
__Hirdata                    irdata       000000
__Hmediumconst               mediumconst  000000
__HnvFARRAM                  nvFARRAM     000000
__Hnvbit                     nvbit        000000
__Hnvrram                    nvrram       000000
__Hparam                     rparam       000000
__Hpowerup                   powerup      00000E
__Hram                       ram          000000
__Hramtop                    ramtop       001000
__Hrbit                      rbit         000000
__Hrbss                      rbss         000000
__Hrdata                     rdata        000000
__Hreset_vec                 reset_vec    000004
__Hrparam                    rparam       000000
__Hsfr                       sfr          000000
__Hsmallconst                smallconst   001076
__Hspace_0                   (abs)        30000E
__Hspace_1                   (abs)        00020A
__Hspace_2                   (abs)        000000
__Hstack                     stack        000000
__Hstruct                    struct       000000
__Htemp                      temp         000060
__Htext                      text         000000
__Htext0                     text0        000000
__Htext1                     text1        000000
__Htext10                    text10       000000
__Htext11                    text11       000000
__Htext12                    text12       000000
__Htext13                    text13       000000
__Htext14                    text14       000000
__Htext15                    text15       000000
__Htext16                    text16       000000
__Htext17                    text17       000000
__Htext18                    text18       000000
__Htext19                    text19       000000
__Htext2                     text2        000000
__Htext20                    text20       000000
__Htext21                    text21       000000
__Htext22                    text22       000000
__Htext23                    text23       000000
__Htext24                    text24       000000
__Htext25                    text25       000000
__Htext26                    text26       000000
__Htext27                    text27       000000
__Htext28                    text28       000000
__Htext29                    text29       000000
__Htext3                     text3        000000
__Htext30                    text30       000000
__Htext31                    text31       000000
__Htext32                    text32       000000
__Htext33                    text33       000000
__Htext34                    text34       000000
__Htext35                    text35       000000
__Htext36                    text36       000000
__Htext37                    text37       000000
__Htext38                    text38       000000
__Htext4                     text4        000000
__Htext40                    text40       000000
__Htext41                    text41       000000
__Htext42                    text42       000000
__Htext43                    text43       000000
__Htext44                    text44       000000
__Htext45                    text45       000000
__Htext46                    text46       000000
__Htext47                    text47       000000
__Htext48                    text48       000000
__Htext49                    text49       000000
__Htext5                     text5        000000
__Htext50                    text50       000000
__Htext51                    text51       000000
__Htext52                    text52       000000
__Htext53                    text53       000000
__Htext54                    text54       000000
__Htext55                    text55       000000
__Htext56                    text56       000000
__Htext57                    text57       000000
__Htext58                    text58       000000
__Htext59                    text59       000000
__Htext6                     text6        000000
__Htext60                    text60       000000
__Htext61                    text61       000000
__Htext62                    text62       000000
__Htext63                    text63       000000
__Htext64                    text64       000000
__Htext65                    text65       000000
__Htext66                    text66       000000
__Htext67                    text67       000000
__Htext68                    text68       000000
__Htext69                    text69       000000
__Htext7                     text7        000000
__Htext8                     text8        000000
__Htext9                     text9        000000
__LRAM                       (abs)        000001
__Labs1                      abs1         000000
__Lbank0                     bank0        000000
__Lbank1                     bank1        000000
__Lbank10                    bank10       000000
__Lbank11                    bank11       000000
__Lbank12                    bank12       000000
__Lbank13                    bank13       000000
__Lbank14                    bank14       000000
__Lbank15                    bank15       000000
__Lbank2                     bank2        000000
__Lbank3                     bank3        000000
__Lbank4                     bank4        000000
__Lbank5                     bank5        000000
__Lbank6                     bank6        000000
__Lbank7                     bank7        000000
__Lbank8                     bank8        000000
__Lbank9                     bank9        000000
__Lbigbss                    bigbss       000000
__Lbigdata                   bigdata      000000
__Lbigram                    bigram       000000
__Lbss                       bss          000000
__LbssBANK0                  bssBANK0     000000
__LbssBANK1                  bssBANK1     000000
__Lcinit                     cinit        000000
__Lclrtext                   clrtext      000000
__Lcomram                    comram       000000
__Lconfig                    config       300000
__Lconst                     const        000000
__LcstackBANK0               cstackBANK0  000000
__LcstackBANK1               cstackBANK1  000000
__LcstackBANK2               cstackBANK2  000000
__LcstackCOMRAM              cstackCOMRAM 000000
__Ldata                      data         000000
__LdataBANK0                 dataBANK0    000000
__LdataCOMRAM                dataCOMRAM   000000
__Leeprom_data               eeprom_data  000000
__Lfarbss                    farbss       000000
__Lfardata                   fardata      000000
__Libigdata                  ibigdata     000000
__Lidata                     idata        000000
__LidataBANK0                idataBANK0   000000
__LidataCOMRAM               idataCOMRAM  000000
__Lidloc                     idloc        200000
__Lifardata                  ifardata     000000
__Linit                      init         00000E
__Lintcode                   intcode      000008
__Lintcode_body              intcode_body 000000
__Lintcodelo                 intcodelo    00000E
__Lintentry                  intentry     000000
__Lintret                    intret       000000
__Lintsave_regs              intsave_regs 000000
__Lirdata                    irdata       000000
__Lmediumconst               mediumconst  000000
__LnvFARRAM                  nvFARRAM     000000
__Lnvbit                     nvbit        000000
__Lnvrram                    nvrram       000000
__Lparam                     rparam       000000
__Lpowerup                   powerup      00000E
__Lram                       ram          000000
__Lramtop                    ramtop       001000
__Lrbit                      rbit         000000
__Lrbss                      rbss         000000
__Lrdata                     rdata        000000
__Lreset_vec                 reset_vec    000000
__Lrparam                    rparam       000000
__Lsfr                       sfr          000000
__Lsmallconst                smallconst   001000
__Lspace_0                   (abs)        000000
__Lspace_1                   (abs)        000000
__Lspace_2                   (abs)        000000
__Lstack                     stack        000000
__Lstruct                    struct       000000
__Ltemp                      temp         00005F
__Ltext                      text         000000
__Ltext0                     text0        000000
__Ltext1                     text1        000000
__Ltext10                    text10       000000
__Ltext11                    text11       000000
__Ltext12                    text12       000000
__Ltext13                    text13       000000
__Ltext14                    text14       000000
__Ltext15                    text15       000000
__Ltext16                    text16       000000
__Ltext17                    text17       000000
__Ltext18                    text18       000000
__Ltext19                    text19       000000
__Ltext2                     text2        000000
__Ltext20                    text20       000000
__Ltext21                    text21       000000
__Ltext22                    text22       000000
__Ltext23                    text23       000000
__Ltext24                    text24       000000
__Ltext25                    text25       000000
__Ltext26                    text26       000000
__Ltext27                    text27       000000
__Ltext28                    text28       000000
__Ltext29                    text29       000000
__Ltext3                     text3        000000
__Ltext30                    text30       000000
__Ltext31                    text31       000000
__Ltext32                    text32       000000
__Ltext33                    text33       000000
__Ltext34                    text34       000000
__Ltext35                    text35       000000
__Ltext36                    text36       000000
__Ltext37                    text37       000000
__Ltext38                    text38       000000
__Ltext4                     text4        000000
__Ltext40                    text40       000000
__Ltext41                    text41       000000
__Ltext42                    text42       000000
__Ltext43                    text43       000000
__Ltext44                    text44       000000
__Ltext45                    text45       000000
__Ltext46                    text46       000000
__Ltext47                    text47       000000
__Ltext48                    text48       000000
__Ltext49                    text49       000000
__Ltext5                     text5        000000
__Ltext50                    text50       000000
__Ltext51                    text51       000000
__Ltext52                    text52       000000
__Ltext53                    text53       000000
__Ltext54                    text54       000000
__Ltext55                    text55       000000
__Ltext56                    text56       000000
__Ltext57                    text57       000000
__Ltext58                    text58       000000
__Ltext59                    text59       000000
__Ltext6                     text6        000000
__Ltext60                    text60       000000
__Ltext61                    text61       000000
__Ltext62                    text62       000000
__Ltext63                    text63       000000
__Ltext64                    text64       000000
__Ltext65                    text65       000000
__Ltext66                    text66       000000
__Ltext67                    text67       000000
__Ltext68                    text68       000000
__Ltext69                    text69       000000
__Ltext7                     text7        000000
__Ltext8                     text8        000000
__Ltext9                     text9        000000
__S0                         (abs)        30000E
__S1                         (abs)        00020A
__S2                         (abs)        000000
___awdiv                     text31       0026BE
___awdiv@counter             cstackBANK2  000200
___awdiv@dividend            cstackBANK1  0001FA
___awdiv@divisor             cstackBANK1  0001FC
___awdiv@quotient            cstackBANK2  000202
___awdiv@sign                cstackBANK2  000201
___awmod                     text30       002AE4
___awmod@counter             cstackBANK1  0001FE
___awmod@dividend            cstackBANK1  0001FA
___awmod@divisor             cstackBANK1  0001FC
___awmod@sign                cstackBANK1  0001FF
___extmem_base               (abs)        020000
___inthi_sp                  stack        000000
___intlo_sp                  stack        000000
___param_bank                (abs)        000000
___rparam_used               (abs)        000001
___sp                        stack        000000
___wmul                      text16       003688
___wmul@multiplicand         cstackBANK1  0001FC
___wmul@multiplier           cstackBANK1  0001FA
___wmul@product              cstackBANK1  0001FE
__accesstop                  (abs)        000060
__activetblptr               (abs)        000003
__end_of_AddElement          text66       001644
__end_of_AddExecutedTask     text67       002D6E
__end_of_CheckHumid          text4        002E80
__end_of_CheckTemp           text5        0026BE
__end_of_FSM                 text18       001FF0
__end_of_Heater_Off          text38       003844
__end_of_Heater_On           text3        003856
__end_of_Heater_Operation    text37       003866
__end_of_IFreq_Initialize    text17       003830
__end_of_InitBBSPI           text14       003822
__end_of_InitializeElements  text15       001E54
__end_of_LCDInit             text12       003130
__end_of_LCDMoveCursor       text33       0034D2
__end_of_LCDPutChar          text32       002EFC
__end_of_LCDPutInst          text34       002F78
__end_of_LCDPutStr           text28       0033D4
__end_of_LCD_SetUp           text11       00376A
__end_of_PIN_SetUp           text10       0036FC
__end_of_Port_BBSPIInit      text13       0037A8
__end_of_PrintDemo           text29       002CE0
__end_of_PrintHeater         text27       003688
__end_of_PrintIdle           text26       00365E
__end_of_PrintPump           text25       0037D8
__end_of_PrintSetTime        text55       003354
__end_of_PrintSetUp          text47       0037EC
__end_of_PrintTempHumid      text22       002884
__end_of_Pump_Off            text24       00383A
__end_of_Pump_On             text2        003810
__end_of_Pump_Operation      text23       003862
__end_of_SendByteBBSPI       text36       002FEE
__end_of_SetUp_Humid         text46       003454
__end_of_SetUp_Temp          text45       003414
__end_of_System_Initialize   text7        0035C8
__end_of_TMR_Initialize      text9        0032BC
__end_of_TMR_StartTimer      text8        003394
__end_of_TMR_StopTimer       text54       00358C
__end_of_Task_Init           text51       001ABA
__end_of_UpdateElements      text64       0023B8
__end_of_UpdateTimeOut       text63       003494
__end_of_WritePort_BBSPI     text35       00378A
__end_of___awdiv             text31       0027A2
__end_of___awmod             text30       002B96
__end_of___wmul              text16       0036B0
__end_of__initialization     cinit        003306
__end_of_deQueue             text65       00188C
__end_of_dispatchISR         text1        00295E
__end_of_getByte             text20       0025D2
__end_of_getTempAndHumid     text21       003634
__end_of_global_timer        intcode_body 0024D2
__end_of_main                text0        003260
__end_of_readButtonRA5       text48       002144
__end_of_readButtonRB0       text40       001C98
__end_of_readDHT             text19       002280
__end_of_register_timer      text53       002DF8
__end_of_test                text6        0036D6
__end_ofi2_CheckHumid        text44       0030CA
__end_ofi2_CheckTemp         text41       002AE4
__end_ofi2_Heater_Off        text43       00384E
__end_ofi2_LCDMoveCursor     text59       003602
__end_ofi2_LCDPutChar        text58       003196
__end_ofi2_LCDPutInst        text60       0031FC
__end_ofi2_LCDPutStr         text50       003510
__end_ofi2_PrintIdle         text49       003722
__end_ofi2_Pump_On           text42       00385E
__end_ofi2_SendByteBBSPI     text62       00305E
__end_ofi2_TMR_StartTimer    text52       00354E
__end_ofi2_WritePort_BBSPI   text61       0037C2
__end_ofi2___awdiv           text57       002A22
__end_ofi2___awmod           text56       002C46
__end_ofi2___wmul            text68       003748
__initialization             cinit        0032BC
__mediumconst                mediumconst  000000
__pbssBANK0                  bssBANK0     000060
__pbssBANK1                  bssBANK1     000100
__pcinit                     cinit        0032BC
__pcstackBANK0               cstackBANK0  0000B2
__pcstackBANK1               cstackBANK1  0001FA
__pcstackBANK2               cstackBANK2  000200
__pcstackCOMRAM              cstackCOMRAM 000001
__pdataBANK0                 dataBANK0    0000D6
__pdataCOMRAM                dataCOMRAM   00005E
__pidataBANK0                idataBANK0   0037EC
__pidataCOMRAM               idataCOMRAM  003866
__pintcode                   intcode      000008
__pintcode_body              intcode_body 0023B8
__psmallconst                smallconst   001000
__ptext0                     text0        0031FC
__ptext1                     text1        002884
__ptext10                    text10       0036D6
__ptext11                    text11       003748
__ptext12                    text12       0030CA
__ptext13                    text13       00378A
__ptext14                    text14       003810
__ptext15                    text15       001C98
__ptext16                    text16       003688
__ptext17                    text17       003822
__ptext18                    text18       001E54
__ptext19                    text19       002144
__ptext2                     text2        0037FE
__ptext20                    text20       0024D2
__ptext21                    text21       003602
__ptext22                    text22       0027A2
__ptext23                    text23       00385E
__ptext24                    text24       003830
__ptext25                    text25       0037C2
__ptext26                    text26       003634
__ptext27                    text27       00365E
__ptext28                    text28       003394
__ptext29                    text29       002C46
__ptext3                     text3        00384E
__ptext30                    text30       002AE4
__ptext31                    text31       0026BE
__ptext32                    text32       002E80
__ptext33                    text33       003494
__ptext34                    text34       002EFC
__ptext35                    text35       00376A
__ptext36                    text36       002F78
__ptext37                    text37       003862
__ptext38                    text38       00383A
__ptext4                     text4        002DF8
__ptext40                    text40       001ABA
__ptext41                    text41       002A22
__ptext42                    text42       003856
__ptext43                    text43       003844
__ptext44                    text44       00305E
__ptext45                    text45       0033D4
__ptext46                    text46       003414
__ptext47                    text47       0037D8
__ptext48                    text48       001FF0
__ptext49                    text49       0036FC
__ptext5                     text5        0025D2
__ptext50                    text50       0034D2
__ptext51                    text51       00188C
__ptext52                    text52       003510
__ptext53                    text53       002D6E
__ptext54                    text54       00354E
__ptext55                    text55       003310
__ptext56                    text56       002B96
__ptext57                    text57       00295E
__ptext58                    text58       003130
__ptext59                    text59       0035C8
__ptext6                     text6        0036B0
__ptext60                    text60       003196
__ptext61                    text61       0037A8
__ptext62                    text62       002FEE
__ptext63                    text63       003454
__ptext64                    text64       002280
__ptext65                    text65       001644
__ptext66                    text66       001076
__ptext67                    text67       002CE0
__ptext68                    text68       003722
__ptext69                    text69       000000
__ptext7                     text7        00358C
__ptext8                     text8        003354
__ptext9                     text9        003260
__ramtop                     ramtop       001000
__size_of_AddElement         (abs)        000000
__size_of_AddExecutedTask    (abs)        000000
__size_of_CheckHumid         (abs)        000000
__size_of_CheckTemp          (abs)        000000
__size_of_FSM                (abs)        000000
__size_of_Heater_Off         (abs)        000000
__size_of_Heater_On          (abs)        000000
__size_of_Heater_Operation   (abs)        000000
__size_of_IFreq_Initialize   (abs)        000000
__size_of_InitBBSPI          (abs)        000000
__size_of_InitializeElements (abs)        000000
__size_of_LCDInit            (abs)        000000
__size_of_LCDMoveCursor      (abs)        000000
__size_of_LCDPutChar         (abs)        000000
__size_of_LCDPutInst         (abs)        000000
__size_of_LCDPutStr          (abs)        000000
__size_of_LCD_SetUp          (abs)        000000
__size_of_PIN_SetUp          (abs)        000000
__size_of_Port_BBSPIInit     (abs)        000000
__size_of_PrintDemo          (abs)        000000
__size_of_PrintHeater        (abs)        000000
__size_of_PrintIdle          (abs)        000000
__size_of_PrintPump          (abs)        000000
__size_of_PrintSetTime       (abs)        000000
__size_of_PrintSetUp         (abs)        000000
__size_of_PrintTempHumid     (abs)        000000
__size_of_Pump_Off           (abs)        000000
__size_of_Pump_On            (abs)        000000
__size_of_Pump_Operation     (abs)        000000
__size_of_SendByteBBSPI      (abs)        000000
__size_of_SetUp_Humid        (abs)        000000
__size_of_SetUp_Temp         (abs)        000000
__size_of_System_Initialize  (abs)        000000
__size_of_TMR_Initialize     (abs)        000000
__size_of_TMR_StartTimer     (abs)        000000
__size_of_TMR_StopTimer      (abs)        000000
__size_of_Task_Init          (abs)        000000
__size_of_UpdateElements     (abs)        000000
__size_of_UpdateTimeOut      (abs)        000000
__size_of_WritePort_BBSPI    (abs)        000000
__size_of___awdiv            (abs)        000000
__size_of___awmod            (abs)        000000
__size_of___wmul             (abs)        000000
__size_of_deQueue            (abs)        000000
__size_of_dispatchISR        (abs)        000000
__size_of_getByte            (abs)        000000
__size_of_getTempAndHumid    (abs)        000000
__size_of_global_timer       (abs)        000000
__size_of_main               (abs)        000000
__size_of_readButtonRA5      (abs)        000000
__size_of_readButtonRB0      (abs)        000000
__size_of_readDHT            (abs)        000000
__size_of_register_timer     (abs)        000000
__size_of_test               (abs)        000000
__size_ofi2_CheckHumid       (abs)        000000
__size_ofi2_CheckTemp        (abs)        000000
__size_ofi2_Heater_Off       (abs)        000000
__size_ofi2_LCDMoveCursor    (abs)        000000
__size_ofi2_LCDPutChar       (abs)        000000
__size_ofi2_LCDPutInst       (abs)        000000
__size_ofi2_LCDPutStr        (abs)        000000
__size_ofi2_PrintIdle        (abs)        000000
__size_ofi2_Pump_On          (abs)        000000
__size_ofi2_SendByteBBSPI    (abs)        000000
__size_ofi2_TMR_StartTimer   (abs)        000000
__size_ofi2_WritePort_BBSPI  (abs)        000000
__size_ofi2___awdiv          (abs)        000000
__size_ofi2___awmod          (abs)        000000
__size_ofi2___wmul           (abs)        000000
__smallconst                 smallconst   001000
_capacity                    dataBANK0    0000DB
_checkSum                    bssBANK0     0000A0
_deQueue                     text65       001644
_deQueue$2646                cstackCOMRAM 00003A
_deQueue$2647                cstackCOMRAM 000042
_deQueue$2648                cstackCOMRAM 00004A
_deQueue$2649                cstackCOMRAM 00004D
_demoHumid                   bssBANK0     00009A
_demoTemp                    bssBANK0     00009C
_demo_flag                   bssBANK0     0000A6
_dispatchISR                 text1        002884
_elementList                 bssBANK1     000100
_error                       bssBANK0     00009E
_error_flag                  bssBANK0     0000A2
_executedList                bssBANK0     000060
_executed_list_index         bssBANK0     000088
_firstReadRA5                dataBANK0    0000E4
_firstReadRB0                dataBANK0    0000E2
_getByte                     text20       0024D2
_getTempAndHumid             text21       003602
_global_timer                intcode      000008
_head                        bssBANK0     00008A
_heater_flag                 bssBANK0     0000A4
_humid_set_flag              bssBANK0     0000A8
_humidity_dht11              bssBANK0     00008E
_id                          bssBANK0     0000B1
_idle_flag                   dataCOMRAM   00005E
_init_flag                   bssBANK0     0000AB
_isPress_1                   bssBANK0     0000B0
_isPress_2                   bssBANK0     0000AF
_lastHumid                   bssBANK0     000092
_lastTemp                    bssBANK0     000094
_main                        text0        0031FC
_nextState                   bssBANK0     0000AE
_pump_flag                   bssBANK0     0000A3
_readButtonRA5               text48       001FF0
_readButtonRB0               text40       001ABA
_readDHT                     text19       002144
_ready_1                     bssBANK0     0000AD
_ready_2                     bssBANK0     0000AC
_register_timer              text53       002D6E
_response                    bssBANK0     00009F
_secondReadRA5               dataBANK0    0000E3
_secondReadRB0               dataBANK0    0000E1
_send_count                  bssBANK0     0000A5
_set_flag                    bssBANK0     0000AA
_size                        bssBANK0     00008C
_task                        dataBANK0    0000E5
_temp_set_flag               bssBANK0     0000A9
_temperature_dht11           bssBANK0     000090
_test                        text6        0036B0
_time_set_flag               bssBANK0     0000A7
_timer_list                  dataBANK0    0000D6
_timer_list_count            bssBANK0     00007E
_timer_millis_sec            bssBANK1     0001F0
btemp                        temp         00005F
deQueue@pos                  cstackCOMRAM 00004F
dispatchISR@pos              cstackBANK2  000203
end_of_initialization        cinit        003306
getByte@i                    cstackBANK1  0001FC
getByte@j                    cstackBANK1  0001FF
getByte@timeOut              cstackBANK1  0001FD
i2LCDMoveCursor@line         cstackCOMRAM 000009
i2LCDMoveCursor@pos          cstackCOMRAM 000008
i2LCDMoveCursor@position     cstackCOMRAM 00000C
i2LCDPutChar@ch              cstackCOMRAM 000007
i2LCDPutInst@ch              cstackCOMRAM 000007
i2LCDPutStr@ptr              cstackCOMRAM 000008
i2SendByteBBSPI@bitcount     cstackCOMRAM 000002
i2SendByteBBSPI@input        cstackCOMRAM 000003
i2SendByteBBSPI@output       cstackCOMRAM 000001
i2TMR_StartTimer@timer_name  cstackCOMRAM 000001
i2WritePort_BBSPI@a          cstackCOMRAM 000004
i2WritePort_BBSPI@port_add   cstackCOMRAM 000005
i2_CheckHumid                text44       00305E
i2_CheckTemp                 text41       002A22
i2_Heater_Off                text43       003844
i2_LCDMoveCursor             text59       0035C8
i2_LCDMoveCursor$413         cstackCOMRAM 00000A
i2_LCDPutChar                text58       003130
i2_LCDPutInst                text60       003196
i2_LCDPutStr                 text50       0034D2
i2_PrintIdle                 text49       0036FC
i2_Pump_On                   text42       003856
i2_SendByteBBSPI             text62       002FEE
i2_TMR_StartTimer            text52       003510
i2_WritePort_BBSPI           text61       0037A8
i2___awdiv                   text57       00295E
i2___awdiv@counter           cstackCOMRAM 000005
i2___awdiv@dividend          cstackCOMRAM 000001
i2___awdiv@divisor           cstackCOMRAM 000003
i2___awdiv@quotient          cstackCOMRAM 000007
i2___awdiv@sign              cstackCOMRAM 000006
i2___awmod                   text56       002B96
i2___awmod@counter           cstackCOMRAM 000005
i2___awmod@dividend          cstackCOMRAM 000001
i2___awmod@divisor           cstackCOMRAM 000003
i2___awmod@sign              cstackCOMRAM 000006
i2___wmul                    text68       003722
i2___wmul@multiplicand       cstackCOMRAM 000003
i2___wmul@multiplier         cstackCOMRAM 000001
i2___wmul@product            cstackCOMRAM 000005
int$flags                    temp         00005F
int_func                     intcode_body 0023B8
intlevel0                    text         000000
intlevel1                    text         000000
intlevel2                    text         000000
intlevel3                    text         000000
readDHT@test                 cstackBANK2  000202
readDHT@timeOut              cstackBANK2  000203
register_timer@data          cstackCOMRAM 000042
register_timer@delay         cstackCOMRAM 000032
register_timer@period        cstackCOMRAM 00003A
register_timer@res           cstackCOMRAM 000046
stackhi                      (abs)        000F5F
stacklo                      (abs)        00020A
start                        init         00000E
start_initialization         cinit        0032BC
ttemp5                       temp         000060
ttemp6                       temp         000063
ttemp7                       temp         000067
wtemp8                       temp         000060


FUNCTION INFORMATION:

 *************** function _main *****************
 Defined at:
		line 36 in file "main.c"
 Parameters:    Size  Location     Type
		None
 Auto vars:     Size  Location     Type
		None
 Return value:  Size  Location     Type
                  1    wreg      void 
 Registers used:
		wreg, fsr1l, fsr1h, fsr2l, fsr2h, status,2, status,0, pclath, tosl, tblptrl, tblptrh, tblptru, prodl, prodh, cstack
 Tracked objects:
		On entry : 
		On exit  : 
		Unchanged: 
 Data sizes:     COMRAM   BANK0   BANK1   BANK2   BANK3   BANK4   BANK5   BANK6   BANK7   BANK8   BANK9  BANK10  BANK11  BANK12  BANK13  BANK14  BANK15
      Params:         0       0       0       0       0       0       0       0       0       0       0       0       0       0       0       0       0
      Locals:         0       0       0       0       0       0       0       0       0       0       0       0       0       0       0       0       0
      Temps:          0       0       0       0       0       0       0       0       0       0       0       0       0       0       0       0       0
      Totals:         0       0       0       0       0       0       0       0       0       0       0       0       0       0       0       0       0
Total ram usage:        0 bytes
 Hardware stack levels required when called:   14
 This function calls:
		_FSM
		_PrintIdle
		_System_Initialize
		_dispatchISR
 This function is called by:
		Startup code after reset
 This function uses a non-reentrant model


 *************** function _dispatchISR *****************
 Defined at:
		line 135 in file "struct.c"
 Parameters:    Size  Location     Type
		None
 Auto vars:     Size  Location     Type
  pos             2    3[BANK2 ] int 
 Return value:  Size  Location     Type
                  1    wreg      void 
 Registers used:
		wreg, fsr2l, fsr2h, status,2, status,0, pclath, tosl, prodl, prodh, cstack
 Tracked objects:
		On entry : 
		On exit  : 
		Unchanged: 
 Data sizes:     COMRAM   BANK0   BANK1   BANK2   BANK3   BANK4   BANK5   BANK6   BANK7   BANK8   BANK9  BANK10  BANK11  BANK12  BANK13  BANK14  BANK15
      Params:         0       0       0       0       0       0       0       0       0       0       0       0       0       0       0       0       0
      Locals:         0       0       0       2       0       0       0       0       0       0       0       0       0       0       0       0       0
      Temps:          0       0       0       3       0       0       0       0       0       0       0       0       0       0       0       0       0
      Totals:         0       0       0       5       0       0       0       0       0       0       0       0       0       0       0       0       0
Total ram usage:        5 bytes
 Hardware stack levels used:    1
 Hardware stack levels required when called:    9
 This function calls:
		_CheckHumid
		_CheckTemp
		_Heater_On
		_Pump_On
		___wmul
		_test
 This function is called by:
		_main
 This function uses a non-reentrant model


 *************** function _Pump_On *****************
 Defined at:
		line 60 in file "system.c"
 Parameters:    Size  Location     Type
		None
 Auto vars:     Size  Location     Type
		None
 Return value:  Size  Location     Type
                  1    wreg      void 
 Registers used:
		wreg, status,2
 Tracked objects:
		On entry : 
		On exit  : 
		Unchanged: 
 Data sizes:     COMRAM   BANK0   BANK1   BANK2   BANK3   BANK4   BANK5   BANK6   BANK7   BANK8   BANK9  BANK10  BANK11  BANK12  BANK13  BANK14  BANK15
      Params:         0       0       0       0       0       0       0       0       0       0       0       0       0       0       0       0       0
      Locals:         0       0       0       0       0       0       0       0       0       0       0       0       0       0       0       0       0
      Temps:          0       0       0       0       0       0       0       0       0       0       0       0       0       0       0       0       0
      Totals:         0       0       0       0       0       0       0       0       0       0       0       0       0       0       0       0       0
Total ram usage:        0 bytes
 Hardware stack levels used:    1
 Hardware stack levels required when called:    7
 This function calls:
		Nothing
 This function is called by:
		_CheckTemp
		_dispatchISR
 This function uses a non-reentrant model


 *************** function _Heater_On *****************
 Defined at:
		line 47 in file "system.c"
 Parameters:    Size  Location     Type
		None
 Auto vars:     Size  Location     Type
		None
 Return value:  Size  Location     Type
                  1    wreg      void 
 Registers used:
		wreg, status,2
 Tracked objects:
		On entry : 
		On exit  : 
		Unchanged: 
 Data sizes:     COMRAM   BANK0   BANK1   BANK2   BANK3   BANK4   BANK5   BANK6   BANK7   BANK8   BANK9  BANK10  BANK11  BANK12  BANK13  BANK14  BANK15
      Params:         0       0       0       0       0       0       0       0       0       0       0       0       0       0       0       0       0
      Locals:         0       0       0       0       0       0       0       0       0       0       0       0       0       0       0       0       0
      Temps:          0       0       0       0       0       0       0       0       0       0       0       0       0       0       0       0       0
      Totals:         0       0       0       0       0       0       0       0       0       0       0       0       0       0       0       0       0
Total ram usage:        0 bytes
 Hardware stack levels used:    1
 Hardware stack levels required when called:    7
 This function calls:
		Nothing
 This function is called by:
		_Task_Init
		_dispatchISR
 This function uses a non-reentrant model


 *************** function _CheckHumid *****************
 Defined at:
		line 31 in file "system.c"
 Parameters:    Size  Location     Type
		None
 Auto vars:     Size  Location     Type
		None
 Return value:  Size  Location     Type
                  1    wreg      void 
 Registers used:
		wreg, status,2, status,0
 Tracked objects:
		On entry : 
		On exit  : 
		Unchanged: 
 Data sizes:     COMRAM   BANK0   BANK1   BANK2   BANK3   BANK4   BANK5   BANK6   BANK7   BANK8   BANK9  BANK10  BANK11  BANK12  BANK13  BANK14  BANK15
      Params:         0       0       0       0       0       0       0       0       0       0       0       0       0       0       0       0       0
      Locals:         0       0       0       0       0       0       0       0       0       0       0       0       0       0       0       0       0
      Temps:          0       0       3       0       0       0       0       0       0       0       0       0       0       0       0       0       0
      Totals:         0       0       3       0       0       0       0       0       0       0       0       0       0       0       0       0       0
Total ram usage:        3 bytes
 Hardware stack levels used:    1
 Hardware stack levels required when called:    7
 This function calls:
		Nothing
 This function is called by:
		_dispatchISR
 This function uses a non-reentrant model


 *************** function _CheckTemp *****************
 Defined at:
		line 37 in file "system.c"
 Parameters:    Size  Location     Type
		None
 Auto vars:     Size  Location     Type
		None
 Return value:  Size  Location     Type
                  1    wreg      void 
 Registers used:
		wreg, status,2, status,0, cstack
 Tracked objects:
		On entry : 
		On exit  : 
		Unchanged: 
 Data sizes:     COMRAM   BANK0   BANK1   BANK2   BANK3   BANK4   BANK5   BANK6   BANK7   BANK8   BANK9  BANK10  BANK11  BANK12  BANK13  BANK14  BANK15
      Params:         0       0       0       0       0       0       0       0       0       0       0       0       0       0       0       0       0
      Locals:         0       0       0       0       0       0       0       0       0       0       0       0       0       0       0       0       0
      Temps:          0       0       3       0       0       0       0       0       0       0       0       0       0       0       0       0       0
      Totals:         0       0       3       0       0       0       0       0       0       0       0       0       0       0       0       0       0
Total ram usage:        3 bytes
 Hardware stack levels used:    1
 Hardware stack levels required when called:    8
 This function calls:
		_Heater_Off
		_Pump_On
 This function is called by:
		_dispatchISR
 This function uses a non-reentrant model


 *************** function _test *****************
 Defined at:
		line 3 in file "system.c"
 Parameters:    Size  Location     Type
		None
 Auto vars:     Size  Location     Type
		None
 Return value:  Size  Location     Type
                  1    wreg      void 
 Registers used:
		wreg, status,2, status,0
 Tracked objects:
		On entry : 
		On exit  : 
		Unchanged: 
 Data sizes:     COMRAM   BANK0   BANK1   BANK2   BANK3   BANK4   BANK5   BANK6   BANK7   BANK8   BANK9  BANK10  BANK11  BANK12  BANK13  BANK14  BANK15
      Params:         0       0       0       0       0       0       0       0       0       0       0       0       0       0       0       0       0
      Locals:         0       0       0       0       0       0       0       0       0       0       0       0       0       0       0       0       0
      Temps:          0       0       1       0       0       0       0       0       0       0       0       0       0       0       0       0       0
      Totals:         0       0       1       0       0       0       0       0       0       0       0       0       0       0       0       0       0
Total ram usage:        1 bytes
 Hardware stack levels used:    1
 Hardware stack levels required when called:    7
 This function calls:
		Nothing
 This function is called by:
		_Task_Init
		_dispatchISR
 This function uses a non-reentrant model


 *************** function _System_Initialize *****************
 Defined at:
		line 17 in file "system.c"
 Parameters:    Size  Location     Type
		None
 Auto vars:     Size  Location     Type
		None
 Return value:  Size  Location     Type
                  1    wreg      void 
 Registers used:
		wreg, fsr1l, fsr1h, fsr2l, fsr2h, status,2, status,0, prodl, prodh, cstack
 Tracked objects:
		On entry : 
		On exit  : 
		Unchanged: 
 Data sizes:     COMRAM   BANK0   BANK1   BANK2   BANK3   BANK4   BANK5   BANK6   BANK7   BANK8   BANK9  BANK10  BANK11  BANK12  BANK13  BANK14  BANK15
      Params:         0       0       0       0       0       0       0       0       0       0       0       0       0       0       0       0       0
      Locals:         0       0       0       0       0       0       0       0       0       0       0       0       0       0       0       0       0
      Temps:          0       0       0       0       0       0       0       0       0       0       0       0       0       0       0       0       0
      Totals:         0       0       0       0       0       0       0       0       0       0       0       0       0       0       0       0       0
Total ram usage:        0 bytes
 Hardware stack levels used:    1
 Hardware stack levels required when called:   12
 This function calls:
		_IFreq_Initialize
		_InitializeElements
		_LCD_SetUp
		_PIN_SetUp
		_TMR_Initialize
		_TMR_StartTimer
 This function is called by:
		_main
 This function uses a non-reentrant model


 *************** function _TMR_StartTimer *****************
 Defined at:
		line 42 in file "OSCL_TMR_Set_Up.c"
 Parameters:    Size  Location     Type
  timer_name      2    0[BANK1 ] int 
 Auto vars:     Size  Location     Type
		None
 Return value:  Size  Location     Type
                  1    wreg      void 
 Registers used:
		wreg, status,2, status,0
 Tracked objects:
		On entry : 
		On exit  : 
		Unchanged: 
 Data sizes:     COMRAM   BANK0   BANK1   BANK2   BANK3   BANK4   BANK5   BANK6   BANK7   BANK8   BANK9  BANK10  BANK11  BANK12  BANK13  BANK14  BANK15
      Params:         0       0       2       0       0       0       0       0       0       0       0       0       0       0       0       0       0
      Locals:         0       0       0       0       0       0       0       0       0       0       0       0       0       0       0       0       0
      Temps:          0       0       2       0       0       0       0       0       0       0       0       0       0       0       0       0       0
      Totals:         0       0       4       0       0       0       0       0       0       0       0       0       0       0       0       0       0
Total ram usage:        4 bytes
 Hardware stack levels used:    1
 Hardware stack levels required when called:    7
 This function calls:
		Nothing
 This function is called by:
		_System_Initialize
 This function uses a non-reentrant model


 *************** function _TMR_Initialize *****************
 Defined at:
		line 17 in file "OSCL_TMR_Set_Up.c"
 Parameters:    Size  Location     Type
  timer_name      2    0[BANK1 ] int 
 Auto vars:     Size  Location     Type
		None
 Return value:  Size  Location     Type
                  1    wreg      void 
 Registers used:
		wreg, status,2, status,0
 Tracked objects:
		On entry : 
		On exit  : 
		Unchanged: 
 Data sizes:     COMRAM   BANK0   BANK1   BANK2   BANK3   BANK4   BANK5   BANK6   BANK7   BANK8   BANK9  BANK10  BANK11  BANK12  BANK13  BANK14  BANK15
      Params:         0       0       2       0       0       0       0       0       0       0       0       0       0       0       0       0       0
      Locals:         0       0       0       0       0       0       0       0       0       0       0       0       0       0       0       0       0
      Temps:          0       0       2       0       0       0       0       0       0       0       0       0       0       0       0       0       0
      Totals:         0       0       4       0       0       0       0       0       0       0       0       0       0       0       0       0       0
Total ram usage:        4 bytes
 Hardware stack levels used:    1
 Hardware stack levels required when called:    7
 This function calls:
		Nothing
 This function is called by:
		_System_Initialize
 This function uses a non-reentrant model


 *************** function _PIN_SetUp *****************
 Defined at:
		line 4 in file "pin_manager.c"
 Parameters:    Size  Location     Type
		None
 Auto vars:     Size  Location     Type
		None
 Return value:  Size  Location     Type
                  1    wreg      void 
 Registers used:
		wreg, status,2
 Tracked objects:
		On entry : 
		On exit  : 
		Unchanged: 
 Data sizes:     COMRAM   BANK0   BANK1   BANK2   BANK3   BANK4   BANK5   BANK6   BANK7   BANK8   BANK9  BANK10  BANK11  BANK12  BANK13  BANK14  BANK15
      Params:         0       0       0       0       0       0       0       0       0       0       0       0       0       0       0       0       0
      Locals:         0       0       0       0       0       0       0       0       0       0       0       0       0       0       0       0       0
      Temps:          0       0       0       0       0       0       0       0       0       0       0       0       0       0       0       0       0
      Totals:         0       0       0       0       0       0       0       0       0       0       0       0       0       0       0       0       0
Total ram usage:        0 bytes
 Hardware stack levels used:    1
 Hardware stack levels required when called:    7
 This function calls:
		Nothing
 This function is called by:
		_System_Initialize
 This function uses a non-reentrant model


 *************** function _LCD_SetUp *****************
 Defined at:
		line 176 in file "LCD.c"
 Parameters:    Size  Location     Type
		None
 Auto vars:     Size  Location     Type
		None
 Return value:  Size  Location     Type
                  1    wreg      void 
 Registers used:
		wreg, status,2, status,0, cstack
 Tracked objects:
		On entry : 
		On exit  : 
		Unchanged: 
 Data sizes:     COMRAM   BANK0   BANK1   BANK2   BANK3   BANK4   BANK5   BANK6   BANK7   BANK8   BANK9  BANK10  BANK11  BANK12  BANK13  BANK14  BANK15
      Params:         0       0       0       0       0       0       0       0       0       0       0       0       0       0       0       0       0
      Locals:         0       0       0       0       0       0       0       0       0       0       0       0       0       0       0       0       0
      Temps:          0       0       0       0       0       0       0       0       0       0       0       0       0       0       0       0       0
      Totals:         0       0       0       0       0       0       0       0       0       0       0       0       0       0       0       0       0
Total ram usage:        0 bytes
 Hardware stack levels used:    1
 Hardware stack levels required when called:   11
 This function calls:
		_LCDInit
		_LCDPutInst
 This function is called by:
		_System_Initialize
 This function uses a non-reentrant model


 *************** function _LCDInit *****************
 Defined at:
		line 6 in file "LCD.c"
 Parameters:    Size  Location     Type
		None
 Auto vars:     Size  Location     Type
		None
 Return value:  Size  Location     Type
                  1    wreg      void 
 Registers used:
		wreg, status,2, status,0, cstack
 Tracked objects:
		On entry : 
		On exit  : 
		Unchanged: 
 Data sizes:     COMRAM   BANK0   BANK1   BANK2   BANK3   BANK4   BANK5   BANK6   BANK7   BANK8   BANK9  BANK10  BANK11  BANK12  BANK13  BANK14  BANK15
      Params:         0       0       0       0       0       0       0       0       0       0       0       0       0       0       0       0       0
      Locals:         0       0       0       0       0       0       0       0       0       0       0       0       0       0       0       0       0
      Temps:          0       0       0       1       0       0       0       0       0       0       0       0       0       0       0       0       0
      Totals:         0       0       0       1       0       0       0       0       0       0       0       0       0       0       0       0       0
Total ram usage:        1 bytes
 Hardware stack levels used:    1
 Hardware stack levels required when called:   10
 This function calls:
		_InitBBSPI
		_LCDPutInst
		_Port_BBSPIInit
		_WritePort_BBSPI
 This function is called by:
		_LCD_SetUp
 This function uses a non-reentrant model


 *************** function _Port_BBSPIInit *****************
 Defined at:
		line 84 in file "LCD.c"
 Parameters:    Size  Location     Type
  port_dir        1    wreg     unsigned char 
 Auto vars:     Size  Location     Type
  port_dir        1    3[BANK1 ] unsigned char 
 Return value:  Size  Location     Type
                  1    wreg      void 
 Registers used:
		wreg, status,2, status,0, cstack
 Tracked objects:
		On entry : 
		On exit  : 
		Unchanged: 
 Data sizes:     COMRAM   BANK0   BANK1   BANK2   BANK3   BANK4   BANK5   BANK6   BANK7   BANK8   BANK9  BANK10  BANK11  BANK12  BANK13  BANK14  BANK15
      Params:         0       0       0       0       0       0       0       0       0       0       0       0       0       0       0       0       0
      Locals:         0       0       1       0       0       0       0       0       0       0       0       0       0       0       0       0       0
      Temps:          0       0       0       0       0       0       0       0       0       0       0       0       0       0       0       0       0
      Totals:         0       0       1       0       0       0       0       0       0       0       0       0       0       0       0       0       0
Total ram usage:        1 bytes
 Hardware stack levels used:    1
 Hardware stack levels required when called:    8
 This function calls:
		_SendByteBBSPI
 This function is called by:
		_LCDInit
 This function uses a non-reentrant model


 *************** function _InitBBSPI *****************
 Defined at:
		line 31 in file "LCD.c"
 Parameters:    Size  Location     Type
		None
[...]
 This function calls:
		i2_WritePort_BBSPI
 This function is called by:
		_SetUp_Temp
		_SetUp_Humid
		_PrintSetTime
		i2_LCDPutStr
 This function uses a non-reentrant model


 *************** function i2_LCDMoveCursor *****************
 Defined at:
		line 164 in file "LCD.c"
 Parameters:    Size  Location     Type
  line            1    wreg     unsigned char 
  pos             1    7[COMRAM] unsigned char 
 Auto vars:     Size  Location     Type
  line            1    8[COMRAM] unsigned char 
  LCDMoveCurso    1   11[COMRAM] unsigned char 
 Return value:  Size  Location     Type
                  1    wreg      void 
 Registers used:
		wreg, status,2, status,0, cstack
 Tracked objects:
		On entry : 
		On exit  : 
		Unchanged: 
 Data sizes:     COMRAM   BANK0   BANK1   BANK2   BANK3   BANK4   BANK5   BANK6   BANK7   BANK8   BANK9  BANK10  BANK11  BANK12  BANK13  BANK14  BANK15
      Params:         1       0       0       0       0       0       0       0       0       0       0       0       0       0       0       0       0
      Locals:         4       0       0       0       0       0       0       0       0       0       0       0       0       0       0       0       0
      Temps:          0       0       0       0       0       0       0       0       0       0       0       0       0       0       0       0       0
      Totals:         5       0       0       0       0       0       0       0       0       0       0       0       0       0       0       0       0
Total ram usage:        5 bytes
 Hardware stack levels used:    1
 Hardware stack levels required when called:    3
 This function calls:
		i2_LCDPutInst
 This function is called by:
		_SetUp_Temp
		_SetUp_Humid
		_PrintSetTime
 This function uses a non-reentrant model


 *************** function i2_LCDPutInst *****************
 Defined at:
		line 140 in file "LCD.c"
 Parameters:    Size  Location     Type
  ch              1    wreg     unsigned char 
 Auto vars:     Size  Location     Type
  ch              1    6[COMRAM] unsigned char 
 Return value:  Size  Location     Type
                  1    wreg      void 
 Registers used:
		wreg, status,2, status,0, cstack
 Tracked objects:
		On entry : 
		On exit  : 
		Unchanged: 
 Data sizes:     COMRAM   BANK0   BANK1   BANK2   BANK3   BANK4   BANK5   BANK6   BANK7   BANK8   BANK9  BANK10  BANK11  BANK12  BANK13  BANK14  BANK15
      Params:         0       0       0       0       0       0       0       0       0       0       0       0       0       0       0       0       0
      Locals:         1       0       0       0       0       0       0       0       0       0       0       0       0       0       0       0       0
      Temps:          1       0       0       0       0       0       0       0       0       0       0       0       0       0       0       0       0
      Totals:         2       0       0       0       0       0       0       0       0       0       0       0       0       0       0       0       0
Total ram usage:        2 bytes
 Hardware stack levels used:    1
 Hardware stack levels required when called:    2
 This function calls:
		i2_WritePort_BBSPI
 This function is called by:
		_PrintSetUp
		_readButtonRA5
		i2_LCDMoveCursor
		i2_PrintIdle
 This function uses a non-reentrant model


 *************** function i2_WritePort_BBSPI *****************
 Defined at:
		line 105 in file "LCD.c"
 Parameters:    Size  Location     Type
  port_add        1    wreg     unsigned char 
  a               1    3[COMRAM] unsigned char 
 Auto vars:     Size  Location     Type
  port_add        1    4[COMRAM] unsigned char 
 Return value:  Size  Location     Type
                  1    wreg      void 
 Registers used:
		wreg, status,2, status,0, cstack
 Tracked objects:
		On entry : 
		On exit  : 
		Unchanged: 
 Data sizes:     COMRAM   BANK0   BANK1   BANK2   BANK3   BANK4   BANK5   BANK6   BANK7   BANK8   BANK9  BANK10  BANK11  BANK12  BANK13  BANK14  BANK15
      Params:         1       0       0       0       0       0       0       0       0       0       0       0       0       0       0       0       0
      Locals:         1       0       0       0       0       0       0       0       0       0       0       0       0       0       0       0       0
      Temps:          0       0       0       0       0       0       0       0       0       0       0       0       0       0       0       0       0
      Totals:         2       0       0       0       0       0       0       0       0       0       0       0       0       0       0       0       0
Total ram usage:        2 bytes
 Hardware stack levels used:    1
 Hardware stack levels required when called:    1
 This function calls:
		i2_SendByteBBSPI
 This function is called by:
		i2_LCDPutChar
		i2_LCDPutInst
 This function uses a non-reentrant model


 *************** function i2_SendByteBBSPI *****************
 Defined at:
		line 52 in file "LCD.c"
 Parameters:    Size  Location     Type
  output          1    wreg     unsigned char 
 Auto vars:     Size  Location     Type
  output          1    0[COMRAM] unsigned char 
  SendByteBBSP    1    2[COMRAM] unsigned char 
  SendByteBBSP    1    1[COMRAM] unsigned char 
 Return value:  Size  Location     Type
                  1    wreg      void 
 Registers used:
		wreg, status,2, status,0
 Tracked objects:
		On entry : 
		On exit  : 
		Unchanged: 
 Data sizes:     COMRAM   BANK0   BANK1   BANK2   BANK3   BANK4   BANK5   BANK6   BANK7   BANK8   BANK9  BANK10  BANK11  BANK12  BANK13  BANK14  BANK15
      Params:         0       0       0       0       0       0       0       0       0       0       0       0       0       0       0       0       0
      Locals:         3       0       0       0       0       0       0       0       0       0       0       0       0       0       0       0       0
      Temps:          0       0       0       0       0       0       0       0       0       0       0       0       0       0       0       0       0
      Totals:         3       0       0       0       0       0       0       0       0       0       0       0       0       0       0       0       0
Total ram usage:        3 bytes
 Hardware stack levels used:    1
 This function calls:
		Nothing
 This function is called by:
		i2_WritePort_BBSPI
 This function uses a non-reentrant model


 *************** function _UpdateTimeOut *****************
 Defined at:
		line 77 in file "struct.c"
 Parameters:    Size  Location     Type
		None
 Auto vars:     Size  Location     Type
		None
 Return value:  Size  Location     Type
                  1    wreg      void 
 Registers used:
		wreg, status,2, status,0
 Tracked objects:
		On entry : 
		On exit  : 
		Unchanged: 
 Data sizes:     COMRAM   BANK0   BANK1   BANK2   BANK3   BANK4   BANK5   BANK6   BANK7   BANK8   BANK9  BANK10  BANK11  BANK12  BANK13  BANK14  BANK15
      Params:         0       0       0       0       0       0       0       0       0       0       0       0       0       0       0       0       0
      Locals:         0       0       0       0       0       0       0       0       0       0       0       0       0       0       0       0       0
      Temps:          0       0       0       0       0       0       0       0       0       0       0       0       0       0       0       0       0
      Totals:         0       0       0       0       0       0       0       0       0       0       0       0       0       0       0       0       0
Total ram usage:        0 bytes
 Hardware stack levels used:    1
 This function calls:
		Nothing
 This function is called by:
		_global_timer
 This function uses a non-reentrant model


 *************** function _UpdateElements *****************
 Defined at:
		line 63 in file "struct.c"
 Parameters:    Size  Location     Type
		None
 Auto vars:     Size  Location     Type
  pos             2   91[COMRAM] int 
 Return value:  Size  Location     Type
                  1    wreg      void 
 Registers used:
		wreg, fsr1l, fsr1h, fsr2l, fsr2h, status,2, status,0, prodl, prodh, cstack
 Tracked objects:
		On entry : 
		On exit  : 
		Unchanged: 
 Data sizes:     COMRAM   BANK0   BANK1   BANK2   BANK3   BANK4   BANK5   BANK6   BANK7   BANK8   BANK9  BANK10  BANK11  BANK12  BANK13  BANK14  BANK15
      Params:         0       0       0       0       0       0       0       0       0       0       0       0       0       0       0       0       0
      Locals:         5       0       0       0       0       0       0       0       0       0       0       0       0       0       0       0       0
      Temps:          8       0       0       0       0       0       0       0       0       0       0       0       0       0       0       0       0
      Totals:        13       0       0       0       0       0       0       0       0       0       0       0       0       0       0       0       0
Total ram usage:       13 bytes
 Hardware stack levels used:    1
 Hardware stack levels required when called:    3
 This function calls:
		_AddExecutedTask
		_deQueue
		i2___wmul
 This function is called by:
		_global_timer
 This function uses a non-reentrant model


 *************** function _deQueue *****************
 Defined at:
		line 88 in file "struct.c"
 Parameters:    Size  Location     Type
		None
 Auto vars:     Size  Location     Type
  pos             2   78[COMRAM] int 
 Return value:  Size  Location     Type
                  2  515[None  ] int 
 Registers used:
		wreg, fsr1l, fsr1h, fsr2l, fsr2h, status,2, status,0, prodl, prodh, cstack
 Tracked objects:
		On entry : 
		On exit  : 
		Unchanged: 
 Data sizes:     COMRAM   BANK0   BANK1   BANK2   BANK3   BANK4   BANK5   BANK6   BANK7   BANK8   BANK9  BANK10  BANK11  BANK12  BANK13  BANK14  BANK15
      Params:         0       0       0       0       0       0       0       0       0       0       0       0       0       0       0       0       0
      Locals:        23       0       0       0       0       0       0       0       0       0       0       0       0       0       0       0       0
      Temps:          8       0       0       0       0       0       0       0       0       0       0       0       0       0       0       0       0
      Totals:        31       0       0       0       0       0       0       0       0       0       0       0       0       0       0       0       0
Total ram usage:       31 bytes
 Hardware stack levels used:    1
 Hardware stack levels required when called:    2
 This function calls:
		_AddElement
		i2___wmul
 This function is called by:
		_UpdateElements
 This function uses a non-reentrant model


 *************** function _AddElement *****************
 Defined at:
		line 14 in file "struct.c"
 Parameters:    Size  Location     Type
  delay           8    6[COMRAM] unsigned long long 
  period          8   14[COMRAM] unsigned long long 
  data            3   22[COMRAM] PTR FTN()void 
		 -> i2_Pump_On(1), i2_CheckHumid(1), i2_CheckTemp(1), Pump_On(1), 
		 -> Heater_On(1), test(1), CheckHumid(1), CheckTemp(1), 
		 -> NULL(0), 
  task_id         2   25[COMRAM] int 
 Auto vars:     Size  Location     Type
  pos             2   45[COMRAM] int 
  next_index      2   43[COMRAM] int 
  index           2   47[COMRAM] int 
 Return value:  Size  Location     Type
                  1    wreg      unsigned char 
 Registers used:
		wreg, fsr1l, fsr1h, fsr2l, fsr2h, status,2, status,0, prodl, prodh, cstack
 Tracked objects:
		On entry : 
		On exit  : 
		Unchanged: 
 Data sizes:     COMRAM   BANK0   BANK1   BANK2   BANK3   BANK4   BANK5   BANK6   BANK7   BANK8   BANK9  BANK10  BANK11  BANK12  BANK13  BANK14  BANK15
      Params:        21       0       0       0       0       0       0       0       0       0       0       0       0       0       0       0       0
      Locals:         6       0       0       0       0       0       0       0       0       0       0       0       0       0       0       0       0
      Temps:         16       0       0       0       0       0       0       0       0       0       0       0       0       0       0       0       0
      Totals:        43       0       0       0       0       0       0       0       0       0       0       0       0       0       0       0       0
Total ram usage:       43 bytes
 Hardware stack levels used:    1
 Hardware stack levels required when called:    1
 This function calls:
		i2___wmul
 This function is called by:
		_register_timer
		_deQueue
 This function uses a non-reentrant model


 *************** function _AddExecutedTask *****************
 Defined at:
		line 128 in file "struct.c"
 Parameters:    Size  Location     Type
  data            3    6[COMRAM] PTR FTN()void 
		 -> i2_Pump_On(1), i2_CheckHumid(1), i2_CheckTemp(1), Pump_On(1), 
		 -> Heater_On(1), test(1), CheckHumid(1), CheckTemp(1), 
		 -> NULL(0), 
 Auto vars:     Size  Location     Type
  pos             2   12[COMRAM] int 
 Return value:  Size  Location     Type
                  1    wreg      void 
 Registers used:
		wreg, fsr2l, fsr2h, status,2, status,0, prodl, prodh, cstack
 Tracked objects:
		On entry : 
		On exit  : 
		Unchanged: 
 Data sizes:     COMRAM   BANK0   BANK1   BANK2   BANK3   BANK4   BANK5   BANK6   BANK7   BANK8   BANK9  BANK10  BANK11  BANK12  BANK13  BANK14  BANK15
      Params:         3       0       0       0       0       0       0       0       0       0       0       0       0       0       0       0       0
      Locals:         2       0       0       0       0       0       0       0       0       0       0       0       0       0       0       0       0
      Temps:          3       0       0       0       0       0       0       0       0       0       0       0       0       0       0       0       0
      Totals:         8       0       0       0       0       0       0       0       0       0       0       0       0       0       0       0       0
Total ram usage:        8 bytes
 Hardware stack levels used:    1
 Hardware stack levels required when called:    1
 This function calls:
		i2___wmul
 This function is called by:
		_UpdateElements
 This function uses a non-reentrant model


 *************** function i2___wmul *****************
 Defined at:
		line 15 in file "D:\Programs\MPLABX\pic\sources\c99\common\Umul16.c"
 Parameters:    Size  Location     Type
  multiplier      2    0[COMRAM] unsigned int 
  multiplicand    2    2[COMRAM] unsigned int 
 Auto vars:     Size  Location     Type
  __wmul          2    4[COMRAM] unsigned int 
 Return value:  Size  Location     Type
                  2    0[COMRAM] unsigned int 
 Registers used:
		wreg, status,2, status,0, prodl, prodh
 Tracked objects:
		On entry : 
		On exit  : 
		Unchanged: 
 Data sizes:     COMRAM   BANK0   BANK1   BANK2   BANK3   BANK4   BANK5   BANK6   BANK7   BANK8   BANK9  BANK10  BANK11  BANK12  BANK13  BANK14  BANK15
      Params:         4       0       0       0       0       0       0       0       0       0       0       0       0       0       0       0       0
      Locals:         2       0       0       0       0       0       0       0       0       0       0       0       0       0       0       0       0
      Temps:          0       0       0       0       0       0       0       0       0       0       0       0       0       0       0       0       0
      Totals:         6       0       0       0       0       0       0       0       0       0       0       0       0       0       0       0       0
Total ram usage:        6 bytes
 Hardware stack levels used:    1
 This function calls:
		Nothing
 This function is called by:
		_AddElement
		_UpdateElements
		_deQueue
		_AddExecutedTask
		_Task_Init
 This function uses a non-reentrant model



MODULE INFORMATION

Module		Function		Class		Link	Load	Size
D:\Programs\MPLABX\pic\sources\c99\common\Umul16.c
		___wmul        		CODE           	3688	0000	41

D:\Programs\MPLABX\pic\sources\c99\common\Umul16.c estimated size: 41

D:\Programs\MPLABX\pic\sources\c99\common\awmod.c
		___awmod       		CODE           	2AE4	0000	179

D:\Programs\MPLABX\pic\sources\c99\common\awmod.c estimated size: 179

clock.c
		_register_timer		CODE           	2D6E	0000	139

clock.c estimated size: 139

DHT.c
		_getTempAndHumid		CODE           	3602	0000	51
		_getByte       		CODE           	24D2	0000	257
		_readDHT       		CODE           	2144	0000	317

DHT.c estimated size: 625

buttons.c
		_readButtonRB0 		CODE           	1ABA	0000	479
		_readButtonRA5 		CODE           	1FF0	0000	341

buttons.c estimated size: 820

D:\Programs\MPLABX\pic\sources\c99\common\awdiv.c
		___awdiv       		CODE           	26BE	0000	229

D:\Programs\MPLABX\pic\sources\c99\common\awdiv.c estimated size: 229

shared
		i2_SendByteBBSPI		CODE           	2FEE	0000	113
		i2_WritePort_BBSPI		CODE           	37A8	0000	27
		i2___awdiv     		CODE           	295E	0000	197
		i2___wmul      		CODE           	3722	0000	39
		i2_LCDPutStr   		CODE           	34D2	0000	63
		__initialization		CODE           	32BC	0000	75
		i2_LCDPutChar  		CODE           	3130	0000	103
		i2_LCDPutInst  		CODE           	3196	0000	103
		i2___awmod     		CODE           	2B96	0000	177
		i2_CheckTemp   		CODE           	2A22	0000	195
		i2_Heater_Off  		CODE           	3844	0000	11
		i2_CheckHumid  		CODE           	305E	0000	109
		i2_PrintIdle   		CODE           	36FC	0000	39
		i2_Pump_On     		CODE           	3856	0000	9
		i2_LCDMoveCursor		CODE           	35C8	0000	59
		i2_TMR_StartTimer		CODE           	3510	0000	63

shared estimated size: 1382

struct.c
		_AddExecutedTask		CODE           	2CE0	0000	143
		_InitializeElements		CODE           	1C98	0000	445
		_AddElement    		CODE           	1076	0000	1487
		_UpdateElements		CODE           	2280	0000	313
		_UpdateTimeOut 		CODE           	3454	0000	65
		_dispatchISR   		CODE           	2884	0000	219
		_deQueue       		CODE           	1644	0000	585

struct.c estimated size: 3257

OSCL_TMR_Set_Up.c
		_TMR_StopTimer 		CODE           	354E	0000	63
		_TMR_Initialize		CODE           	3260	0000	93
		_IFreq_Initialize		CODE           	3822	0000	15
		_TMR_StartTimer		CODE           	3354	0000	65

OSCL_TMR_Set_Up.c estimated size: 236

pin_manager.c
		_PIN_SetUp     		CODE           	36D6	0000	39

pin_manager.c estimated size: 39

main.c
		_main          		CODE           	31FC	0000	101
		_global_timer  		CODE           	0008	0000	289

main.c estimated size: 390

system.c
		_System_Initialize		CODE           	358C	0000	61
		_Heater_On     		CODE           	384E	0000	9
		_Heater_Off    		CODE           	383A	0000	11
		_Heater_Operation		CODE           	3862	0000	5
		_Task_Init     		CODE           	188C	0000	559
		_test          		CODE           	36B0	0000	39
		_Pump_Off      		CODE           	3830	0000	11
		_CheckHumid    		CODE           	2DF8	0000	137
		_Pump_Operation		CODE           	385E	0000	5
		_CheckTemp     		CODE           	25D2	0000	237
		_FSM           		CODE           	1E54	0000	413
		_Pump_On       		CODE           	37FE	0000	19

system.c estimated size: 1506

LCD.c
		_SetUp_Temp    		CODE           	33D4	0000	65
		_LCDMoveCursor 		CODE           	3494	0000	63
		_PrintDemo     		CODE           	2C46	0000	155
		_PrintIdle     		CODE           	3634	0000	43
		_LCD_SetUp     		CODE           	3748	0000	35
		_LCDPutStr     		CODE           	3394	0000	65
		_LCDPutChar    		CODE           	2E80	0000	125
		_PrintPump     		CODE           	37C2	0000	23
		_SendByteBBSPI 		CODE           	2F78	0000	119
		_PrintSetUp    		CODE           	37D8	0000	21
		_LCDInit       		CODE           	30CA	0000	103
		_LCDPutInst    		CODE           	2EFC	0000	125
		_PrintSetTime  		CODE           	3310	0000	69
		_PrintHeater   		CODE           	365E	0000	43
		_WritePort_BBSPI		CODE           	376A	0000	33
		_InitBBSPI     		CODE           	3810	0000	19
		_Port_BBSPIInit		CODE           	378A	0000	31
		_SetUp_Humid   		CODE           	3414	0000	65
		_PrintTempHumid		CODE           	27A2	0000	227

LCD.c estimated size: 1429

